2025-12-15 17:38:17 - tests - INFO - ==================================================
2025-12-15 17:38:17 - tests - INFO - НАЧАЛО ВЫПОЛНЕНИЯ СТАТИСТИЧЕСКИХ ТЕСТОВ
2025-12-15 17:38:17 - tests - INFO - ==================================================
2025-12-15 17:38:17 - tests - INFO - Загрузка конфигурации...
2025-12-15 17:38:17 - work_files - INFO - Начинаю чтение JSON файла: consts.json
2025-12-15 17:38:17 - work_files - INFO - JSON файл 'consts.json' успешно прочитан. Ключи: ['cpp_sequence_txt', 'java_sequence_txt', 'test_results_cpp', 'test_results_java', 'PI']
2025-12-15 17:38:17 - tests - INFO - Конфигурация успешно загружена
2025-12-15 17:38:17 - tests - INFO - Файл C++ последовательности: C:/Users/lizak/PycharmProjects/prog-instruments-labs/lab_5/cpp_sequence.txt
2025-12-15 17:38:17 - tests - INFO - Файл Java последовательности: C:/Users/lizak/PycharmProjects/prog-instruments-labs/lab_5/java_sequence.txt
2025-12-15 17:38:17 - tests - INFO - Вероятности PI: [0.2148, 0.3672, 0.2305, 0.1875]
2025-12-15 17:38:17 - tests - INFO - 
==============================
2025-12-15 17:38:17 - tests - INFO - ТЕСТИРОВАНИЕ C++ ПОСЛЕДОВАТЕЛЬНОСТИ
2025-12-15 17:38:17 - tests - INFO - ==============================
2025-12-15 17:38:17 - work_files - INFO - Начинаю чтение файла: C:/Users/lizak/PycharmProjects/prog-instruments-labs/lab_5/cpp_sequence.txt
2025-12-15 17:38:17 - work_files - INFO - Файл 'C:/Users/lizak/PycharmProjects/prog-instruments-labs/lab_5/cpp_sequence.txt' успешно прочитан. Длина: 129 символов
2025-12-15 17:38:17 - tests - INFO - C++ последовательность загружена, длина = 129
2025-12-15 17:38:17 - tests - INFO - Тест частоты битов: длина последовательности = 129
2025-12-15 17:38:17 - tests - INFO - Тест частоты битов завершен. P-значение = 0.332797
2025-12-15 17:38:17 - tests - INFO - Тест идентичных последовательных битов: длина = 129
2025-12-15 17:38:17 - tests - INFO - Тест идентичных битов завершен. P-значение = 0.854892
2025-12-15 17:38:17 - tests - INFO - Тест самой длинной последовательности: длина = 129, размер блока = 8
2025-12-15 17:38:17 - tests - INFO - Тест самой длинной последовательности завершен. P-значение = 0.865893
2025-12-15 17:38:17 - tests - INFO - C++ тесты завершены. Сохраняю результаты в test_results_cpp.txt
2025-12-15 17:38:17 - work_files - INFO - Начинаю запись в файл: test_results_cpp.txt
2025-12-15 17:38:17 - work_files - INFO - Файл 'test_results_cpp.txt' успешно записан
2025-12-15 17:38:17 - tests - INFO - 
==============================
2025-12-15 17:38:17 - tests - INFO - ТЕСТИРОВАНИЕ JAVA ПОСЛЕДОВАТЕЛЬНОСТИ
2025-12-15 17:38:17 - tests - INFO - ==============================
2025-12-15 17:38:17 - work_files - INFO - Начинаю чтение файла: C:/Users/lizak/PycharmProjects/prog-instruments-labs/lab_5/java_sequence.txt
2025-12-15 17:38:17 - work_files - INFO - Файл 'C:/Users/lizak/PycharmProjects/prog-instruments-labs/lab_5/java_sequence.txt' успешно прочитан. Длина: 129 символов
2025-12-15 17:38:17 - tests - INFO - Java последовательность загружена, длина = 129
2025-12-15 17:38:17 - tests - INFO - Тест частоты битов: длина последовательности = 129
2025-12-15 17:38:17 - tests - INFO - Тест частоты битов завершен. P-значение = 0.929841
2025-12-15 17:38:17 - tests - INFO - Тест идентичных последовательных битов: длина = 129
2025-12-15 17:38:17 - tests - INFO - Тест идентичных битов завершен. P-значение = 0.537211
2025-12-15 17:38:17 - tests - INFO - Тест самой длинной последовательности: длина = 129, размер блока = 8
2025-12-15 17:38:17 - tests - INFO - Тест самой длинной последовательности завершен. P-значение = 0.937047
2025-12-15 17:38:17 - tests - INFO - Java тесты завершены. Сохраняю результаты в test_results_java.txt
2025-12-15 17:38:17 - work_files - INFO - Начинаю запись в файл: test_results_java.txt
2025-12-15 17:38:17 - work_files - INFO - Файл 'test_results_java.txt' успешно записан
2025-12-15 17:38:17 - tests - INFO - 
==================================================
2025-12-15 17:38:17 - tests - INFO - СВОДКА РЕЗУЛЬТАТОВ
2025-12-15 17:38:17 - tests - INFO - ==================================================
2025-12-15 17:38:17 - tests - INFO - C++ последовательность:
2025-12-15 17:38:17 - tests - INFO -   - Тест частоты битов: 0.332797
2025-12-15 17:38:17 - tests - INFO -   - Тест идентичных битов: 0.854892
2025-12-15 17:38:17 - tests - INFO -   - Тест длинной последовательности: 0.865893
2025-12-15 17:38:17 - tests - INFO - Java последовательность:
2025-12-15 17:38:17 - tests - INFO -   - Тест частоты битов: 0.929841
2025-12-15 17:38:17 - tests - INFO -   - Тест идентичных битов: 0.537211
2025-12-15 17:38:17 - tests - INFO -   - Тест длинной последовательности: 0.937047
2025-12-15 17:38:17 - tests - INFO - ==================================================
2025-12-15 17:38:17 - tests - INFO - ВСЕ ТЕСТЫ УСПЕШНО ЗАВЕРШЕНЫ
2025-12-15 17:38:17 - tests - INFO - ==================================================
2025-12-15 17:40:45 - tests - INFO - НАЧАЛО ВЫПОЛНЕНИЯ СТАТИСТИЧЕСКИХ ТЕСТОВ
2025-12-15 17:40:45 - tests - INFO - Загрузка конфигурации...
2025-12-15 17:40:45 - work_files - INFO - Начинаю чтение JSON файла: consts.json
2025-12-15 17:40:45 - work_files - INFO - JSON файл 'consts.json' успешно прочитан. Ключи: ['cpp_sequence_txt', 'java_sequence_txt', 'test_results_cpp', 'test_results_java', 'PI']
2025-12-15 17:40:45 - tests - INFO - Конфигурация успешно загружена
2025-12-15 17:40:45 - tests - INFO - Файл C++ последовательности: C:/Users/lizak/PycharmProjects/prog-instruments-labs/lab_5/cpp_sequence.txt
2025-12-15 17:40:45 - tests - INFO - Файл Java последовательности: C:/Users/lizak/PycharmProjects/prog-instruments-labs/lab_5/java_sequence.txt
2025-12-15 17:40:45 - tests - INFO - Вероятности PI: [0.2148, 0.3672, 0.2305, 0.1875]
2025-12-15 17:40:45 - tests - INFO - 
ТЕСТИРОВАНИЕ C++ ПОСЛЕДОВАТЕЛЬНОСТИ
2025-12-15 17:40:45 - work_files - INFO - Начинаю чтение файла: C:/Users/lizak/PycharmProjects/prog-instruments-labs/lab_5/cpp_sequence.txt
2025-12-15 17:40:45 - work_files - INFO - Файл 'C:/Users/lizak/PycharmProjects/prog-instruments-labs/lab_5/cpp_sequence.txt' успешно прочитан. Длина: 129 символов
2025-12-15 17:40:45 - tests - INFO - C++ последовательность загружена, длина = 129
2025-12-15 17:40:45 - tests - INFO - Тест частоты битов: длина последовательности = 129
2025-12-15 17:40:45 - tests - INFO - Тест частоты битов завершен. P-значение = 0.332797
2025-12-15 17:40:45 - tests - INFO - Тест идентичных последовательных битов: длина = 129
2025-12-15 17:40:45 - tests - INFO - Тест идентичных битов завершен. P-значение = 0.854892
2025-12-15 17:40:45 - tests - INFO - Тест самой длинной последовательности: длина = 129, размер блока = 8
2025-12-15 17:40:45 - tests - INFO - Тест самой длинной последовательности завершен. P-значение = 0.865893
2025-12-15 17:40:45 - tests - INFO - C++ тесты завершены. Сохраняю результаты в test_results_cpp.txt
2025-12-15 17:40:45 - work_files - INFO - Начинаю запись в файл: test_results_cpp.txt
2025-12-15 17:40:45 - work_files - INFO - Файл 'test_results_cpp.txt' успешно записан
2025-12-15 17:40:45 - tests - INFO - 
ТЕСТИРОВАНИЕ JAVA ПОСЛЕДОВАТЕЛЬНОСТИ
2025-12-15 17:40:45 - work_files - INFO - Начинаю чтение файла: C:/Users/lizak/PycharmProjects/prog-instruments-labs/lab_5/java_sequence.txt
2025-12-15 17:40:45 - work_files - INFO - Файл 'C:/Users/lizak/PycharmProjects/prog-instruments-labs/lab_5/java_sequence.txt' успешно прочитан. Длина: 129 символов
2025-12-15 17:40:45 - tests - INFO - Java последовательность загружена, длина = 129
2025-12-15 17:40:45 - tests - INFO - Тест частоты битов: длина последовательности = 129
2025-12-15 17:40:45 - tests - INFO - Тест частоты битов завершен. P-значение = 0.929841
2025-12-15 17:40:45 - tests - INFO - Тест идентичных последовательных битов: длина = 129
2025-12-15 17:40:45 - tests - INFO - Тест идентичных битов завершен. P-значение = 0.537211
2025-12-15 17:40:45 - tests - INFO - Тест самой длинной последовательности: длина = 129, размер блока = 8
2025-12-15 17:40:45 - tests - INFO - Тест самой длинной последовательности завершен. P-значение = 0.937047
2025-12-15 17:40:45 - tests - INFO - Java тесты завершены. Сохраняю результаты в test_results_java.txt
2025-12-15 17:40:45 - work_files - INFO - Начинаю запись в файл: test_results_java.txt
2025-12-15 17:40:45 - work_files - INFO - Файл 'test_results_java.txt' успешно записан
2025-12-15 17:40:45 - tests - INFO - 
СВОДКА РЕЗУЛЬТАТОВ
2025-12-15 17:40:45 - tests - INFO - C++ последовательность:
2025-12-15 17:40:45 - tests - INFO -   - Тест частоты битов: 0.332797
2025-12-15 17:40:45 - tests - INFO -   - Тест идентичных битов: 0.854892
2025-12-15 17:40:45 - tests - INFO -   - Тест длинной последовательности: 0.865893
2025-12-15 17:40:45 - tests - INFO - Java последовательность:
2025-12-15 17:40:45 - tests - INFO -   - Тест частоты битов: 0.929841
2025-12-15 17:40:45 - tests - INFO -   - Тест идентичных битов: 0.537211
2025-12-15 17:40:45 - tests - INFO -   - Тест длинной последовательности: 0.937047
2025-12-15 17:40:45 - tests - INFO - ВСЕ ТЕСТЫ УСПЕШНО ЗАВЕРШЕНЫ
2025-12-15 17:42:32 - tests - INFO - НАЧАЛО ВЫПОЛНЕНИЯ СТАТИСТИЧЕСКИХ ТЕСТОВ
2025-12-15 17:42:32 - tests - INFO - Загрузка конфигурации...
2025-12-15 17:42:32 - work_files - INFO - Начинаю чтение JSON файла: consts.json
2025-12-15 17:42:32 - work_files - INFO - JSON файл 'consts.json' успешно прочитан. Ключи: ['cpp_sequence_txt', 'java_sequence_txt', 'test_results_cpp', 'test_results_java', 'PI']
2025-12-15 17:42:32 - tests - INFO - Конфигурация успешно загружена
2025-12-15 17:42:32 - tests - INFO - Файл C++ последовательности: C:/Users/lizak/PycharmProjects/prog-instruments-labs/lab_5/cpp_sequence.txt
2025-12-15 17:42:32 - tests - INFO - Файл Java последовательности: C:/Users/lizak/PycharmProjects/prog-instruments-labs/lab_5/java_sequence.txt
2025-12-15 17:42:32 - tests - INFO - Вероятности PI: [0.2148, 0.3672, 0.2305, 0.1875]
2025-12-15 17:42:32 - tests - INFO - 
ТЕСТИРОВАНИЕ C++ ПОСЛЕДОВАТЕЛЬНОСТИ
2025-12-15 17:42:32 - work_files - INFO - Начинаю чтение файла: C:/Users/lizak/PycharmProjects/prog-instruments-labs/lab_5/cpp_sequence.txt
2025-12-15 17:42:32 - work_files - INFO - Файл 'C:/Users/lizak/PycharmProjects/prog-instruments-labs/lab_5/cpp_sequence.txt' успешно прочитан. Длина: 129 символов
2025-12-15 17:42:32 - tests - INFO - C++ последовательность загружена, длина = 129
2025-12-15 17:42:32 - tests - INFO - Тест частоты битов: длина последовательности = 129
2025-12-15 17:42:32 - tests - INFO - Тест частоты битов завершен. P-значение = 0.332797
2025-12-15 17:42:32 - tests - INFO - Тест идентичных последовательных битов: длина = 129
2025-12-15 17:42:32 - tests - INFO - Тест идентичных битов завершен. P-значение = 0.854892
2025-12-15 17:42:32 - tests - INFO - Тест самой длинной последовательности: длина = 129, размер блока = 8
2025-12-15 17:42:32 - tests - INFO - Тест самой длинной последовательности завершен. P-значение = 0.865893
2025-12-15 17:42:32 - tests - INFO - C++ тесты завершены. Сохраняю результаты в test_results_cpp.txt
2025-12-15 17:42:32 - work_files - INFO - Начинаю запись в файл: test_results_cpp.txt
2025-12-15 17:42:32 - work_files - INFO - Файл 'test_results_cpp.txt' успешно записан
2025-12-15 17:42:32 - tests - INFO - 
ТЕСТИРОВАНИЕ JAVA ПОСЛЕДОВАТЕЛЬНОСТИ
2025-12-15 17:42:32 - work_files - INFO - Начинаю чтение файла: C:/Users/lizak/PycharmProjects/prog-instruments-labs/lab_5/java_sequence.txt
2025-12-15 17:42:32 - work_files - INFO - Файл 'C:/Users/lizak/PycharmProjects/prog-instruments-labs/lab_5/java_sequence.txt' успешно прочитан. Длина: 129 символов
2025-12-15 17:42:32 - tests - INFO - Java последовательность загружена, длина = 129
2025-12-15 17:42:32 - tests - INFO - Тест частоты битов: длина последовательности = 129
2025-12-15 17:42:32 - tests - INFO - Тест частоты битов завершен. P-значение = 0.929841
2025-12-15 17:42:32 - tests - INFO - Тест идентичных последовательных битов: длина = 129
2025-12-15 17:42:32 - tests - INFO - Тест идентичных битов завершен. P-значение = 0.537211
2025-12-15 17:42:32 - tests - INFO - Тест самой длинной последовательности: длина = 129, размер блока = 8
2025-12-15 17:42:32 - tests - INFO - Тест самой длинной последовательности завершен. P-значение = 0.937047
2025-12-15 17:42:32 - tests - INFO - Java тесты завершены. Сохраняю результаты в test_results_java.txt
2025-12-15 17:42:32 - work_files - INFO - Начинаю запись в файл: test_results_java.txt
2025-12-15 17:42:32 - work_files - INFO - Файл 'test_results_java.txt' успешно записан
2025-12-15 17:42:32 - tests - INFO - 
СВОДКА РЕЗУЛЬТАТОВ
2025-12-15 17:42:32 - tests - INFO - C++ последовательность:
2025-12-15 17:42:32 - tests - INFO -   - Тест частоты битов: 0.332797
2025-12-15 17:42:32 - tests - INFO -   - Тест идентичных битов: 0.854892
2025-12-15 17:42:32 - tests - INFO -   - Тест длинной последовательности: 0.865893
2025-12-15 17:42:32 - tests - INFO - Java последовательность:
2025-12-15 17:42:32 - tests - INFO -   - Тест частоты битов: 0.929841
2025-12-15 17:42:32 - tests - INFO -   - Тест идентичных битов: 0.537211
2025-12-15 17:42:32 - tests - INFO -   - Тест длинной последовательности: 0.937047
2025-12-15 17:42:32 - tests - INFO - ВСЕ ТЕСТЫ УСПЕШНО ЗАВЕРШЕНЫ
2025-12-15 17:49:08 - tests - INFO - ---
2025-12-15 17:49:08 - tests - INFO - НАЧАЛО ВЫПОЛНЕНИЯ СТАТИСТИЧЕСКИХ ТЕСТОВ
2025-12-15 17:49:08 - tests - INFO - ---
2025-12-15 17:49:08 - tests - INFO - Загрузка конфигурации...
2025-12-15 17:49:08 - work_files - INFO - Начинаю чтение JSON файла: consts.json
2025-12-15 17:49:08 - work_files - INFO - JSON файл 'consts.json' успешно прочитан. Ключи: ['cpp_sequence_txt', 'java_sequence_txt', 'test_results_cpp', 'test_results_java', 'PI']
2025-12-15 17:49:08 - tests - INFO - Конфигурация успешно загружена
2025-12-15 17:49:08 - tests - INFO - Файл C++ последовательности: C:/Users/lizak/PycharmProjects/prog-instruments-labs/lab_5/cpp_sequence.txt
2025-12-15 17:49:08 - tests - INFO - Файл Java последовательности: C:/Users/lizak/PycharmProjects/prog-instruments-labs/lab_5/java_sequence.txt
2025-12-15 17:49:08 - tests - INFO - Вероятности PI: [0.2148, 0.3672, 0.2305, 0.1875]
2025-12-15 17:49:08 - tests - INFO - ---
2025-12-15 17:49:08 - tests - INFO - ТЕСТИРОВАНИЕ C++ ПОСЛЕДОВАТЕЛЬНОСТИ
2025-12-15 17:49:08 - tests - INFO - ---
2025-12-15 17:49:08 - work_files - INFO - Начинаю чтение файла: C:/Users/lizak/PycharmProjects/prog-instruments-labs/lab_5/cpp_sequence.txt
2025-12-15 17:49:08 - work_files - INFO - Файл 'C:/Users/lizak/PycharmProjects/prog-instruments-labs/lab_5/cpp_sequence.txt' успешно прочитан. Длина: 129 символов
2025-12-15 17:49:08 - tests - INFO - C++ последовательность загружена, длина = 129
2025-12-15 17:49:08 - tests - INFO - Тест частоты битов: длина последовательности = 129
2025-12-15 17:49:08 - tests - INFO - Тест частоты битов завершен. P-значение = 0.332797
2025-12-15 17:49:08 - tests - INFO - Тест идентичных последовательных битов: длина = 129
2025-12-15 17:49:08 - tests - INFO - Тест идентичных битов завершен. P-значение = 0.854892
2025-12-15 17:49:08 - tests - INFO - Тест самой длинной последовательности: длина = 129, размер блока = 8
2025-12-15 17:49:08 - tests - INFO - Тест самой длинной последовательности завершен. P-значение = 0.865893
2025-12-15 17:49:08 - tests - INFO - C++ тесты завершены. Сохраняю результаты в test_results_cpp.txt
2025-12-15 17:49:08 - work_files - INFO - Начинаю запись в файл: test_results_cpp.txt
2025-12-15 17:49:08 - work_files - INFO - Файл 'test_results_cpp.txt' успешно записан
2025-12-15 17:49:08 - tests - INFO - ---
2025-12-15 17:49:08 - tests - INFO - ТЕСТИРОВАНИЕ JAVA ПОСЛЕДОВАТЕЛЬНОСТИ
2025-12-15 17:49:08 - tests - INFO - ---
2025-12-15 17:49:08 - work_files - INFO - Начинаю чтение файла: C:/Users/lizak/PycharmProjects/prog-instruments-labs/lab_5/java_sequence.txt
2025-12-15 17:49:08 - work_files - INFO - Файл 'C:/Users/lizak/PycharmProjects/prog-instruments-labs/lab_5/java_sequence.txt' успешно прочитан. Длина: 129 символов
2025-12-15 17:49:08 - tests - INFO - Java последовательность загружена, длина = 129
2025-12-15 17:49:08 - tests - INFO - Тест частоты битов: длина последовательности = 129
2025-12-15 17:49:08 - tests - INFO - Тест частоты битов завершен. P-значение = 0.929841
2025-12-15 17:49:08 - tests - INFO - Тест идентичных последовательных битов: длина = 129
2025-12-15 17:49:08 - tests - INFO - Тест идентичных битов завершен. P-значение = 0.537211
2025-12-15 17:49:08 - tests - INFO - Тест самой длинной последовательности: длина = 129, размер блока = 8
2025-12-15 17:49:08 - tests - INFO - Тест самой длинной последовательности завершен. P-значение = 0.937047
2025-12-15 17:49:08 - tests - INFO - Java тесты завершены. Сохраняю результаты в test_results_java.txt
2025-12-15 17:49:08 - work_files - INFO - Начинаю запись в файл: test_results_java.txt
2025-12-15 17:49:08 - work_files - INFO - Файл 'test_results_java.txt' успешно записан
2025-12-15 17:49:08 - tests - INFO - ---
2025-12-15 17:49:08 - tests - INFO - СВОДКА РЕЗУЛЬТАТОВ
2025-12-15 17:49:08 - tests - INFO - ---
2025-12-15 17:49:08 - tests - INFO - C++ последовательность:
2025-12-15 17:49:08 - tests - INFO -   - Тест частоты битов: 0.332797
2025-12-15 17:49:08 - tests - INFO -   - Тест идентичных битов: 0.854892
2025-12-15 17:49:08 - tests - INFO -   - Тест длинной последовательности: 0.865893
2025-12-15 17:49:08 - tests - INFO - Java последовательность:
2025-12-15 17:49:08 - tests - INFO -   - Тест частоты битов: 0.929841
2025-12-15 17:49:08 - tests - INFO -   - Тест идентичных битов: 0.537211
2025-12-15 17:49:08 - tests - INFO -   - Тест длинной последовательности: 0.937047
2025-12-15 17:49:08 - tests - INFO - ---
2025-12-15 17:49:08 - tests - INFO - ВСЕ ТЕСТЫ УСПЕШНО ЗАВЕРШЕНЫ
2025-12-15 17:49:08 - tests - INFO - ---
2025-12-15 17:49:34 - tests - INFO - ---
2025-12-15 17:49:34 - tests - INFO - НАЧАЛО ВЫПОЛНЕНИЯ СТАТИСТИЧЕСКИХ ТЕСТОВ
2025-12-15 17:49:34 - tests - INFO - ---
2025-12-15 17:49:34 - tests - INFO - Загрузка конфигурации...
2025-12-15 17:49:34 - work_files - INFO - Начинаю чтение JSON файла: consts.json
2025-12-15 17:49:34 - work_files - INFO - JSON файл 'consts.json' успешно прочитан. Ключи: ['cpp_sequence_txt', 'java_sequence_txt', 'test_results_cpp', 'test_results_java', 'PI']
2025-12-15 17:49:34 - tests - INFO - Конфигурация успешно загружена
2025-12-15 17:49:34 - tests - INFO - Файл C++ последовательности: C:/Users/lizak/PycharmProjects/prog-instruments-labs/lab_5/cpp_sequence.txt
2025-12-15 17:49:34 - tests - INFO - Файл Java последовательности: C:/Users/lizak/PycharmProjects/prog-instruments-labs/lab_5/java_sequence.txt
2025-12-15 17:49:34 - tests - INFO - Вероятности PI: [0.2148, 0.3672, 0.2305, 0.1875]
2025-12-15 17:49:34 - tests - INFO - ---
2025-12-15 17:49:34 - tests - INFO - ТЕСТИРОВАНИЕ C++ ПОСЛЕДОВАТЕЛЬНОСТИ
2025-12-15 17:49:34 - tests - INFO - ---
2025-12-15 17:49:34 - work_files - INFO - Начинаю чтение файла: C:/Users/lizak/PycharmProjects/prog-instruments-labs/lab_5/cpp_sequence.txt
2025-12-15 17:49:34 - work_files - INFO - Файл 'C:/Users/lizak/PycharmProjects/prog-instruments-labs/lab_5/cpp_sequence.txt' успешно прочитан. Длина: 129 символов
2025-12-15 17:49:34 - tests - INFO - C++ последовательность загружена, длина = 129
2025-12-15 17:49:34 - tests - INFO - Тест частоты битов: длина последовательности = 129
2025-12-15 17:49:34 - tests - INFO - Тест частоты битов завершен. P-значение = 0.332797
2025-12-15 17:49:34 - tests - INFO - Тест идентичных последовательных битов: длина = 129
2025-12-15 17:49:34 - tests - INFO - Тест идентичных битов завершен. P-значение = 0.854892
2025-12-15 17:49:34 - tests - INFO - Тест самой длинной последовательности: длина = 129, размер блока = 8
2025-12-15 17:49:34 - tests - INFO - Тест самой длинной последовательности завершен. P-значение = 0.865893
2025-12-15 17:49:34 - tests - INFO - C++ тесты завершены. Сохраняю результаты в test_results_cpp.txt
2025-12-15 17:49:34 - work_files - INFO - Начинаю запись в файл: test_results_cpp.txt
2025-12-15 17:49:34 - work_files - INFO - Файл 'test_results_cpp.txt' успешно записан
2025-12-15 17:49:34 - tests - INFO - ---
2025-12-15 17:49:34 - tests - INFO - ТЕСТИРОВАНИЕ JAVA ПОСЛЕДОВАТЕЛЬНОСТИ
2025-12-15 17:49:34 - tests - INFO - ---
2025-12-15 17:49:34 - work_files - INFO - Начинаю чтение файла: C:/Users/lizak/PycharmProjects/prog-instruments-labs/lab_5/java_sequence.txt
2025-12-15 17:49:34 - work_files - INFO - Файл 'C:/Users/lizak/PycharmProjects/prog-instruments-labs/lab_5/java_sequence.txt' успешно прочитан. Длина: 129 символов
2025-12-15 17:49:34 - tests - INFO - Java последовательность загружена, длина = 129
2025-12-15 17:49:34 - tests - INFO - Тест частоты битов: длина последовательности = 129
2025-12-15 17:49:34 - tests - INFO - Тест частоты битов завершен. P-значение = 0.929841
2025-12-15 17:49:34 - tests - INFO - Тест идентичных последовательных битов: длина = 129
2025-12-15 17:49:34 - tests - INFO - Тест идентичных битов завершен. P-значение = 0.537211
2025-12-15 17:49:34 - tests - INFO - Тест самой длинной последовательности: длина = 129, размер блока = 8
2025-12-15 17:49:34 - tests - INFO - Тест самой длинной последовательности завершен. P-значение = 0.937047
2025-12-15 17:49:34 - tests - INFO - Java тесты завершены. Сохраняю результаты в test_results_java.txt
2025-12-15 17:49:34 - work_files - INFO - Начинаю запись в файл: test_results_java.txt
2025-12-15 17:49:34 - work_files - INFO - Файл 'test_results_java.txt' успешно записан
2025-12-15 17:49:34 - tests - INFO - ---
2025-12-15 17:49:34 - tests - INFO - СВОДКА РЕЗУЛЬТАТОВ
2025-12-15 17:49:34 - tests - INFO - ---
2025-12-15 17:49:34 - tests - INFO - C++ последовательность:
2025-12-15 17:49:34 - tests - INFO -   - Тест частоты битов: 0.332797
2025-12-15 17:49:34 - tests - INFO -   - Тест идентичных битов: 0.854892
2025-12-15 17:49:34 - tests - INFO -   - Тест длинной последовательности: 0.865893
2025-12-15 17:49:34 - tests - INFO - Java последовательность:
2025-12-15 17:49:34 - tests - INFO -   - Тест частоты битов: 0.929841
2025-12-15 17:49:34 - tests - INFO -   - Тест идентичных битов: 0.537211
2025-12-15 17:49:34 - tests - INFO -   - Тест длинной последовательности: 0.937047
2025-12-15 17:49:34 - tests - INFO - ---
2025-12-15 17:49:34 - tests - INFO - ВСЕ ТЕСТЫ УСПЕШНО ЗАВЕРШЕНЫ
2025-12-15 17:49:34 - tests - INFO - ---
2025-12-15 17:51:42 - tests - INFO - ---
2025-12-15 17:51:42 - tests - INFO - НАЧАЛО ВЫПОЛНЕНИЯ СТАТИСТИЧЕСКИХ ТЕСТОВ
2025-12-15 17:51:42 - tests - INFO - ---
2025-12-15 17:51:42 - tests - INFO - Загрузка конфигурации...
2025-12-15 17:51:42 - work_files - INFO - Начинаю чтение JSON файла: consts.json
2025-12-15 17:51:42 - work_files - INFO - JSON файл 'consts.json' успешно прочитан. Ключи: ['cpp_sequence_txt', 'java_sequence_txt', 'test_results_cpp', 'test_results_java', 'PI']
2025-12-15 17:51:42 - tests - INFO - Конфигурация успешно загружена
2025-12-15 17:51:42 - tests - INFO - Файл C++ последовательности: C:/Users/lizak/PycharmProjects/prog-instruments-labs/lab_5/cpp_sequence.txt
2025-12-15 17:51:42 - tests - INFO - Файл Java последовательности: C:/Users/lizak/PycharmProjects/prog-instruments-labs/lab_5/java_sequence.txt
2025-12-15 17:51:42 - tests - INFO - Вероятности PI: [0.2148, 0.3672, 0.2305, 0.1875]
2025-12-15 17:51:42 - tests - INFO - ---
2025-12-15 17:51:42 - tests - INFO - ТЕСТИРОВАНИЕ C++ ПОСЛЕДОВАТЕЛЬНОСТИ
2025-12-15 17:51:42 - tests - INFO - ---
2025-12-15 17:51:42 - work_files - INFO - Начинаю чтение файла: C:/Users/lizak/PycharmProjects/prog-instruments-labs/lab_5/cpp_sequence.txt
2025-12-15 17:51:42 - work_files - INFO - Файл 'C:/Users/lizak/PycharmProjects/prog-instruments-labs/lab_5/cpp_sequence.txt' успешно прочитан. Длина: 129 символов
2025-12-15 17:51:42 - tests - INFO - C++ последовательность загружена, длина = 129
2025-12-15 17:51:42 - tests - INFO - Тест частоты битов: длина последовательности = 129
2025-12-15 17:51:42 - tests - INFO - Тест частоты битов завершен. P-значение = 0.332797
2025-12-15 17:51:42 - tests - INFO - Тест идентичных последовательных битов: длина = 129
2025-12-15 17:51:42 - tests - INFO - Тест идентичных битов завершен. P-значение = 0.854892
2025-12-15 17:51:42 - tests - INFO - Тест самой длинной последовательности: длина = 129, размер блока = 8
2025-12-15 17:51:42 - tests - INFO - Тест самой длинной последовательности завершен. P-значение = 0.865893
2025-12-15 17:51:42 - tests - INFO - C++ тесты завершены. Сохраняю результаты в test_results_cpp.txt
2025-12-15 17:51:42 - work_files - INFO - Начинаю запись в файл: test_results_cpp.txt
2025-12-15 17:51:42 - work_files - INFO - Файл 'test_results_cpp.txt' успешно записан
2025-12-15 17:51:42 - tests - INFO - ---
2025-12-15 17:51:42 - tests - INFO - ТЕСТИРОВАНИЕ JAVA ПОСЛЕДОВАТЕЛЬНОСТИ
2025-12-15 17:51:42 - tests - INFO - ---
2025-12-15 17:51:42 - work_files - INFO - Начинаю чтение файла: C:/Users/lizak/PycharmProjects/prog-instruments-labs/lab_5/java_sequence.txt
2025-12-15 17:51:42 - work_files - INFO - Файл 'C:/Users/lizak/PycharmProjects/prog-instruments-labs/lab_5/java_sequence.txt' успешно прочитан. Длина: 129 символов
2025-12-15 17:51:42 - tests - INFO - Java последовательность загружена, длина = 129
2025-12-15 17:51:42 - tests - INFO - Тест частоты битов: длина последовательности = 129
2025-12-15 17:51:42 - tests - INFO - Тест частоты битов завершен. P-значение = 0.929841
2025-12-15 17:51:42 - tests - INFO - Тест идентичных последовательных битов: длина = 129
2025-12-15 17:51:42 - tests - INFO - Тест идентичных битов завершен. P-значение = 0.537211
2025-12-15 17:51:42 - tests - INFO - Тест самой длинной последовательности: длина = 129, размер блока = 8
2025-12-15 17:51:42 - tests - INFO - Тест самой длинной последовательности завершен. P-значение = 0.937047
2025-12-15 17:51:42 - tests - INFO - Java тесты завершены. Сохраняю результаты в test_results_java.txt
2025-12-15 17:51:42 - work_files - INFO - Начинаю запись в файл: test_results_java.txt
2025-12-15 17:51:42 - work_files - INFO - Файл 'test_results_java.txt' успешно записан
2025-12-15 17:51:42 - tests - INFO - ---
2025-12-15 17:51:42 - tests - INFO - СВОДКА РЕЗУЛЬТАТОВ
2025-12-15 17:51:42 - tests - INFO - ---
2025-12-15 17:51:42 - tests - INFO - C++ последовательность:
2025-12-15 17:51:42 - tests - INFO -   - Тест частоты битов: 0.332797
2025-12-15 17:51:42 - tests - INFO -   - Тест идентичных битов: 0.854892
2025-12-15 17:51:42 - tests - INFO -   - Тест длинной последовательности: 0.865893
2025-12-15 17:51:42 - tests - INFO - Java последовательность:
2025-12-15 17:51:42 - tests - INFO -   - Тест частоты битов: 0.929841
2025-12-15 17:51:42 - tests - INFO -   - Тест идентичных битов: 0.537211
2025-12-15 17:51:42 - tests - INFO -   - Тест длинной последовательности: 0.937047
2025-12-15 17:51:42 - tests - INFO - ---
2025-12-15 17:51:42 - tests - INFO - ВСЕ ТЕСТЫ УСПЕШНО ЗАВЕРШЕНЫ
2025-12-15 17:51:42 - tests - INFO - ---
